// Jest Snapshot v1, https://goo.gl/fbAQLP

exports[`main produce 1`] = `null`;
